// Jest Snapshot v1, https://goo.gl/fbAQLP

exports[`ScrollText should match snapshot with all the information passing in correctly 1`] = `
<section>
  <section
    className="scroll-text"
  >
    <div
      className="fade"
    />
    <section
      className="star-wars-text"
    >
      <div
        className="crawl"
      >
        <div
          className="title-text"
        >
          <p>
            Episode 
          </p>
          <h3>
            Star Wars
          </h3>
        </div>
      </div>
    </section>
  </section>
  <Link
    to="/movies/:id"
  >
    <button
      className="scroll-button"
    >
      Continue to see characters..
    </button>
  </Link>
</section>
`;
