// Jest Snapshot v1, https://goo.gl/fbAQLP

exports[`FavouritesContainer should match the snapshot with all the data passed in correctly 1`] = `
<section
  className="favourite"
/>
`;
