// Jest Snapshot v1, https://goo.gl/fbAQLP

exports[`App should match a snapshot of all the information being passed in correctly 1`] = `
<main
  className="App"
>
  <Switch>
    <Route
      exact={true}
      path="/"
      render={[Function]}
    />
    <Route
      exact={true}
      path="/movies"
      render={[Function]}
    />
    <Route
      path="/characters"
      render={[Function]}
    />
  </Switch>
</main>
`;
